{
  "query": "color",
  "total": 78,
  "expected_result_keys": [
    "832073",
    "833336",
    "826104"
  ],
  "expected_scores": [
    {
      "key": "832073",
      "score": 8.10535717010498
    },
    {
      "key": "833336",
      "score": 7.660144329071045
    },
    {
      "key": "826104",
      "score": 7.352861404418945
    }
  ]
}